// Jest Snapshot v1, https://goo.gl/fbAQLP

exports[`CategoryDisplay matches  snapshot 1`] = `null`;
