// Jest Snapshot v1, https://goo.gl/fbAQLP

exports[`DashboardRecipes matches  snapshot 1`] = `null`;
