// Jest Snapshot v1, https://goo.gl/fbAQLP

exports[`EditRecipe matches  snapshot 1`] = `null`;
