// Jest Snapshot v1, https://goo.gl/fbAQLP

exports[`ViewCategory matches  snapshot 1`] = `null`;
